***
*** Now run 'make gdb'.
***
c[?7l[2J[0mSeaBIOS (version rel-1.16.1-0-g3208b098f51a-prebuilt.qemu.org)


iPXE (http://ipxe.org) 00:03.0 CA00 PCI2.10 PnP PMM+06FD1270+06F31270 CA00
Press Ctrl-B to configure iPXE (PCI 00:03.0)...                                                                               


Booting from Hard Disk..6828 decimal is XXX octal!
Physical memory: 113107K available, base = 664K, extended = 113043K
check_page_free_list() succeeded!
page_alloc: out of free memory
page_alloc: out of free memory
check_page_alloc() succeeded!
page_alloc: out of free memory
page_lookup: can not find out the page mapped at virtual address 'va'.
page_alloc: out of free memory
page_alloc: out of free memory
page_alloc: out of free memory
page_alloc: out of free memory
page_alloc: out of free memory
check_page() succeeded!
check_kern_pgdir() succeeded!
check_page_free_list() succeeded!
check_page_installed_pgdir() succeeded!
Welcome to the JOS kernel monitor!
Type 'help' for a list of commands.
make[1]: *** [GNUmakefile:175: qemu-nox-gdb] Terminated
