fatal: not a git repository (or any parent up to mount point /mnt)
Stopping at filesystem boundary (GIT_DISCOVERY_ACROSS_FILESYSTEM not set).
+ cc kern/init.c
+ ld obj/kern/kernel
+ mk obj/kern/kernel.img
c[?7l[2J[0mSeaBIOS (version rel-1.16.1-0-g3208b098f51a-prebuilt.qemu.org)


iPXE (http://ipxe.org) 00:03.0 CA00 PCI2.10 PnP PMM+06FD1270+06F31270 CA00
Press Ctrl-B to configure iPXE (PCI 00:03.0)...                                                                               


Booting from Hard Disk..6828 decimal is XXX octal!
Physical memory: 113107K available, base = 664K, extended = 113043K
check_page_free_list() succeeded!
page_alloc: out of free memory
page_alloc: out of free memory
check_page_alloc() succeeded!
page_alloc: out of free memory
page_lookup: can not find out the page mapped at virtual address 'va'.
page_alloc: out of free memory
page_alloc: out of free memory
page_alloc: out of free memory
page_alloc: out of free memory
page_alloc: out of free memory
check_page() succeeded!
check_kern_pgdir() succeeded!
check_page_free_list() succeeded!
check_page_installed_pgdir() succeeded!
SMP: CPU 0 found 1 CPU(s)
enabled interrupts: 1 2 4
FS is running
hello, world
i am environment 00001100
[00001100] exiting gracefully
FS can do I/O
Device 1 presence: 1
block cache is good
superblock is good
bitmap is good
No runnable environments in the system!
Welcome to the JOS kernel monitor!
Type 'help' for a list of commands.
make[1]: *** [GNUmakefile:317: run-hello-nox-gdb] Terminated
